MSBUILD : error MSB1009: Project file does not exist.
Switch: ../plugins/backends/DotCompute.Backends.CPU
